Block
  Expression
    Binary(*)
      Binary(+)
        Int(2)
        Int(3)
      Int(4)
