Block
  Expression
    Binary(==)
      Binary(!=)
        Ident(a)
        Ident(b)
      Ident(c)
