Block
  Expression
    Binary(+)
      Binary(+)
        Int(1)
        Int(2)
      Int(3)
