Block
  Expression
    Binary(||)
      Binary(&&)
        Unary(!)
          Ident(a)
        Ident(b)
      Binary(&&)
        Ident(c)
        Unary(!)
          Ident(d)
