Block
  Expression
    Binary(-)
      Binary(-)
        Int(8)
        Int(3)
      Int(1)
