Block
  Expression
    Binary(&&)
      Unary(!)
        Ident(a)
      Ident(b)
