Block
  Expression
    Binary(||)
      Ident(a)
      Binary(&&)
        Ident(b)
        Ident(c)
