Block
  Expression
    Unary(-)
      Unary(!)
        Ident(a)
