Block
  Expression
    Binary(/)
      Binary(/)
        Int(8)
        Int(4)
      Int(2)
