Block
  Expression
    Binary(+)
      Binary(+)
        Binary(*)
          Int(2)
          Int(3)
        Binary(*)
          Int(4)
          Int(5)
      Int(6)
