Block
  Expression
    Binary(*)
      Unary(-)
        Binary(+)
          Int(2)
          Int(3)
      Int(4)
