Block
  Expression
    Binary(+)
      Binary(*)
        Unary(-)
          Int(2)
        Int(3)
      Int(1)
