Block
  Expression
    Binary(||)
      Binary(==)
        Ident(a)
        Ident(b)
      Binary(!=)
        Ident(c)
        Ident(d)
