Block
  Expression
    Binary(<)
      Binary(+)
        Int(1)
        Int(2)
      Binary(*)
        Int(3)
        Int(4)
