Block
  Expression
    Binary(||)
      Unary(!)
        Binary(&&)
          Ident(a)
          Ident(b)
      Ident(c)
