Block
  Expression
    Binary(||)
      Binary(||)
        Ident(a)
        Binary(&&)
          Ident(b)
          Ident(c)
      Binary(&&)
        Ident(d)
        Ident(e)
