Block
  Expression
    Unary(-)
      Unary(-)
        Unary(-)
          Ident(x)
