Block
  Expression
    Binary(||)
      Unary(!)
        Ident(a)
      Binary(&&)
        Ident(b)
        Unary(!)
          Ident(c)
