Block
  Expression
    Binary(+)
      Int(2)
      Binary(*)
        Int(3)
        Int(4)
